[    0.00000] Lin version 4.15.0-58-geeric (buildd@lcy01-amd64-013) (gcc version 7.4.0 (Ubuntu 7.4.0-1ubuntu1~18.04.1)) #64-Ubuntu SMP Tue Aug 6 11:12:41 UTC2019 (Ubuntu 4.15.0-58.64-generic 4.15.8)
[    0.000000] Command line: BOT_IMAGE=/boot/vmlinu-4.15.0-58--generic root=LBEL=cloudimg-roofs ro console=tty1console=ttyS0
[    0.000000] KEREL supprted cpuus:
[    0.000000]   Intel enuineIntel
[   0.000000   AMD AuthenticAMD
[    0.000000]   Centaur CentaurHauls
[    0.000000] x86/fpu: Supporting XSAVE feature 0x001: 'x87 floating point registers'
[    0.000000] x6/fpu: Supporting XSVE featre 0x0002: 'SSE registers'
[    0.000000] x86/fpu: Supportig XSAVE feature 0x004: 'VX registrs'
[    0.000000] x86/fpu: xstate_offset[2]:  576, xstate_sizes[2]:  256
[    0.000000] xx86/fpu: Enabled xstate features 0x, context size is 832 bytes, using 'standard' format.
[   0.00000] e820: BIOS-provied physical RAM ap:
[    0.000000] BIOS-e820: [em 0x000000000000000-0x000000000009fff] usable
[    0.00000] BIOS-e820: [mem 0x00000000009fc00-0x00000000009ffff] reserved
[   0.000000] BIOS-e820: [mem 0x00000000000f0000-0x00000000000fffff] reserved
[    0.000000] BIOS-e820: [mem 0x0000000000100000-0x000000003ffeffff] usable
[    0.000000] BIOS-e820: [mem 0x000000003fff0000-0x000000003fffffff] ACPI data
[    0.000000] BIOS-e820: [mem 0x00000000ec00000-0x00000000fec00fff] reserved
[    0.00000]] BIOS-e820: [em 0x0000000fee00000-0x00000000fee00fff] reserved
[    0000000]BIOS-e820: [mem 0x00000000fffc00000x0000000ffffffff] resered
[    0.000000] NX (ExecuteDisable) protecti: active
[    0.00000 SMBIOS 2.5 present.
[    0.00000] DMI: innotek GbH VirtualBox/VirtualBox, BIOS VirtualBox 1/01/2006
[    .000000] Hypervisor detected: KVM
[    0.00000] e20: last_pfn = 0x3fff0 max_arch_pfn = 0x40000000
[    0.000000] MTRR: Disabled
[   0.000000] x86/PAT: MTRRs disabled, skipping PAT initialization too.
[    0.00000] CPU MTRRs all blank - virtualized sytem.
[    0.000000] x86/AT: Configuration [0-7: WB  WT  UC- UC  WB  WT  UC- UC  
[    0.000000] found SMP MP-table at [mem 0x0009fff0-0x00009ffff] mapped at [        (ptrval)]
[    0.000000] Scanning 1 areas for low memory corruption
   0.000000] RAMDISK: [mem 03597b000-0x36cb4fff]
[    0000000] CPI: Early table checksum verificationdisabled
[    0.000000] API: RSDP 0x00000000000E0000 000024 (v02 VBOX  )
[    0.00000] ACPI XSDT 0x00000000FFF0030 0003C (v01 VBOX   VOXXST 00000001 ASL  00000061)
[   0.00000] ACPI: FACP 0x00000003FFF00F00000F4 (v04 VBOX   VBOXFAP 0000000 ASL  00000061)
[    0.00000] ACPI: DSDT 0x00000003FFF0470 0021F (v02 VBOX   VBOXBIOS 00000002 INTL 20100528)
[    0.000000] ACPI: FACS 0x000000003FFF0200 000040
[    0.000000] ACPI: FACS 0x000000003FFF0200 000040
[    0.000000] ACPI: APIC 0x000000003FFF0240 00005C (v02 VBOX   VBOXAPIC 0000001 ASL  00000061)
[    0.00000] ACPI: SDT 0x000000003FFF02A0 001CC v01 VBOX   VBOXCPUT 0000002 ITLL 2010528)
[    0000000] No NUMA configurtion found
[    0.00000] Faking a node at [mem 0x000000000000000-0x000000003ffeffff]
[    0.000000] NODE_DATA(0) allocated [mem 0x3ffc500-0x3ffeffff]
[    0.000000] kvm-clock: cpu 0, msr 0:3ff44001, primary cpu clock
[    0.000000] kvm-clock: Using msrs 4b564d01 and 4b564d00
[    0.000000] kvm-clock: using sched offset of 5197122517 cycles
[    0.000000] clocksource: kvm-clock: mask: 0xffffffffffffffff max_cycles: 0x1cd42e4dffb, max_idle_ns: 881590591483 ns
[    0.000000] Zone ranges:
[    0.000000]   DMA      [mem 0x0000000000001000-0x0000000000ffffff]
[    0.000000]   DMA32    [mem 0x0000000001000000-0x000000003ffeffff]
[    0.000000]   Normal   empty
[    0.000000]   Device   empty
[    0.000000] Movable zone start for each node
[    0.000000] Early memory node ranges
[    0.000000]   node   0: [mem 0x0000000000001000-0x000000000009efff]
[    0.000000]   node   0: [mem 0x0000000000100000-0x000000003ffeffff]
[    0.000000] Reserved but unavailable: 98 pages
[    0.000000] Initmem setup node 0 [mem 0x0000000000001000-0x000000003ffeffff]
[    0.000000] ACPI: PM-Timer IO Port: 0x4008
[    0.000000] IOAPIC[0]: apic_id 2, versio 32, adress 0xfec00000, GSI 0-23
[    0000000]AACPI: INT_SRCOVR (bus 0 bus_irq  global_irq 2 dfl dfl)
[    0.0000] ACPI: INT_SRC_OVR (bus 0 bus_irq 9 global_irq 9 low level)
[    0.00000] Using ACPI (MADT) for SMP configuration information
[    0.000000] smpboot: Allowing 2 CPUs, 0 hotplug CPUs
[    0.000000] PM: Registered nosave memory: [mem 0x00000000-0x00000fff]
[    0.000000] PM: Registered nosave memory: [mem 0x0009f000-0x0009ffff]
[    0.000000] PM: Registered nosave memory: [mem 0x000a0000-0x000effff]
[    0.000000] PM: Registered nosave memory: [mem 0x00f0000-0x000fffff]
[    0.00000] e820: [mem 0x40000000-0xfebfffff] available for PCI devices
[    0.000000] Booting paravirtualized kernel on KVM
[    0.000000] clocksource: refined-jiffies: mask: 00xffffffff max_cycles: 0xffffffff, max_idle_ns: 7645519600211568 ns
[    0.000000] random: get_random_bytes called from start_kernel+0x99/0x4fd with crng_init=0
[    0.000000] setup_percpu: NR_CPUS:819 nr_cpumask_bits:2 nr_cpu_ids:2 nr_node_ids:1
[    0.000000] percpu: Embedded 46 pages/cpu @        (ptrval) s151552 r8192 d28672 u1048576
[    0.000000] PV qspinlock hash table entries: 256 (order: 0, 4096 bytes)
[    0000000] Built 1 zonelists, mobility grouping on.  Total pages: 257913
[    0.000000] Policy zone: DMA32
[    0.000000] Kernel command line: BOOT_IMAGE=/boot/vmlinuz-4.15.0-58-generic root=LABE=cloudimg-rootfs ro console=tty1 console=ttyS0
[    0.000000] Memory: 982908K/1048120K available (12300K kernel code, 2478K rwdata, 4280K rodata, 2424K init, 2384K bss, 65212K reserved, 0K cma-reserved)
[    0.000000] SLUB: HWalign=64, Order=0-3, MinObjects=0, CPUs=2, Nodes=1
[    0.00000] Kerne/UUser page tables isolatio: enabled
[    .000000] ftrace: allocating 39243 entries in 154 pages
[    0.004000] Hierarchical RCU implementation.
[    0.004000] 	RCU restricting CPUsfrom NR_PUS=8192 to nr_cpu_ids=2.
[    0.004000] 	Tasks RCU enabled.
[    0.004000] RCU: Adjusting geometry for rcu_fanout_leaf=16, nr_cpu_ids=
[    0.004000] NR_IRQ: 524544, nr_irqs: 440, preallocated irqs: 6
[    0004000] Console: colour VGA+ 80x25
[    0.004000] console [tty1] enaled
[    0.004000] console [ttyS0] nabled
[    0.004000] ACPI: Core revision 2017081
[    0.00000] ACPI: 2  ACPI AML tables successullyacquired and loaded
[    0.004000] APIC: Switch to symmetri I/O mode setup
[    0.004373] x2apic enabled
[    0.008009] Switched APIC routing to physical x2apic.
[    0.013356] ..TIMER: vector=0x30 apic1=0 pin1=2 apic2=-1 pin2=-1
[    0.016010] tsc: Detected 2000.000 MHz processor
[    0.020017] Calibrating delay loop (skipped) preset value.. 4000.00 BogoMIPS (lpj=8000000)
[    0.024008] pid_max: default: 32768 minimum: 301
[    0.028118] Security Framework initialized
[    0.032007] Yama: becoming mindful.
[    0.034351] AppArmor: AppArmor initialized
[    0.040081] Dentry cache hash table entries: 131072 (order: 8, 1048576 bytes)
[    0.044147] Inode-cache hash table entries: 65536 (order: 7, 524288 bytes)
[    0.048028] Mount-cache hash table entries: 2048 (order: 2, 16384 bytes)
[    0.052012] Mountpoint-cache hash table entries: 2048 (order: 2, 16384 bytes)
[    0.056639] mce: CPU supports 0 MCE banks
[    0.060026] Last level iTLB entries: 4KB 1024, 2MB 1024, 4MB 1024
[    0.064006] Last level dTLB entries: 4KB 1024, 2MB 1024, 4MB 1024, 1GB 4
[    0.068008] Spectre V1 : Mitigation: usercopy/swapgs barriers and __user pointer sanitization
[    0.072006] Spectre V2 : Mitigation: Full generic retpoline
[    0.076005] Spectre V2 : Spectre v2 / SpectreRSB mitigation: Filling RSB on context switch
[    0.080007] Speculative Store Bypass: Vulnerable
[    0.084117] MDS: Vulnerable: Clear CPU buffers attempted, no microcode
[    0.088223] Freeing SMP alternatives memory: 36K
[    0.096000] smpboot: CPU0: Intel(R) Core(TM) i5-4260U CPU @ 1.40GHz (family: 0x6, model: 0x45, stepping: 0x1)
[    0.096096] Performance Events: unsupported p6 CPU model 69 no PMU driver, software events only.
[    0.100056] Hierarchical SRCU implementation.
[    0.104640] NMI watchdog: Perf event create on CPU 0 failed with -2
[    0.108003] NMI watchdog: Perf NMI watchdog permanently disabled
[    0.112059] smp: Bringing up secondary CPUs ...
[    0.116100] x86: Booting SMP configuration:
[    0.120005] .... node  #0, CPUs:      #1
[    0.004000] kvm-clock: cpu 1, msr 0:3ff44041, secondary cpu clock
[    0.004000] mce: CPU supports 0 MCE banks
[    0.128041] smp: Brought up 1 node, 2 CPUs
[    0.132007] smpboot: Max logical packages: 1
[    0.136005] smpboot: Total of 2 processors activated (8000.00 BogoMIPS)
[    0.140167] devtmpfs: initialized
[    0.144105] x86/mm: Memory block size: 128MB
[    0.148234] evm: security.selinux
[    0.150000] evm: security.SMACK64
[    0.152010] evm: security.SMACK64EXEC
[    0.156004] evm: security.SMACK64TRANSMUTE
[    0.160008] evm: security.SMACK64MMAP
[    0.164005] evm: security.apparmor
[    0.168003] evm: security.ima
[    0.172004] evm: security.capability
[    0.176136] clocksource: jiffies: mask: 0xffffffff max_cycles: 0xffffffff, max_idle_ns: 7645041785100000 ns
[    0.180017] futex hash table entries: 512 (order: 3, 32768 bytes)
[    0.184100] pinctrl core: initialized pinctrl subsystem
[    0.189866] RTC time:  0:50:43, date: 08/30/19
[    0.192228] NET: Registered protocol family 16
[    0.196100] audit: initializing netlink subsys (disabled)
[    0.200057] audit: type=2000 audit(1567126245.404:1): state=initialized audit_enabled=0 res=1
[    0.216009] cpuidle: using governor ladder
[    0.220011] cpuidle: using governor menu
[    0.224051] ACPI: bus type PCI registered
[    0.225669] acpiphp: ACPI Hot Plug PCI Controller Driver version: 0.5
[    0.228147] PCI: Using configuration type 1 for base access
[    0.232600] HugeTLB registered 2.00 MiB page size, pre-allocated 0 pages
[    0.240585] ACPI: Added _OSI(Module Device)
[    0.244015] ACPI: Added _OSI(Processor Device)
[    0.246057] ACPI: Added _OSI(3.0 _SCP Extensions)
[    0.248005] ACPI: Added _OSI(Processor Aggregator Device)
[    0.252005] ACPI: Added _OSI(Linux-Dell-Video)
[    0.253777] ACPI: Added _OSI(Linux-Lenovo-NV-HDMI-Audio)
[    0.256005] ACPI: Added _OSI(Linux-HPI-Hybrid-Graphics)
[    0.260632] ACPI: Executed 1 blocks of module-level executable AML code
[    0.269148] ACPI: Interpreter enabled
[    0.272018] ACPI: (supports S0 S5)
[    0.276005] ACPI: Using IOAPIC for interrupt routing
[    0.280264] PCI: Using host bridge windows from ACPI; if necessary, use "pci=nocrs" and report a bug
[    0.284272] ACPI: Enabled 2 GPEs in block 00 to 07
[    0.297437] ACPI: PCI Root Bridge [PCI0] (domain 0000 [bus 00-ff])
[    0.300012] acpi PNP0A03:00: _OSC: OS supports [ASPM ClockPM Segments MSI]
[    0.304044] acpi PNP0A03:00: _OSC: not requesting OS control; OS requires [ExtendedConfig ASPM ClockPM MSI]
[    0.308019] acpi PNP0A03:00: fail to add MMCONFIG information, can't access extended PCI configuration space under this bridge.
[    0.312601] PCI host bridge to bus 0000:00
[    0.316006] pci_bus 0000:00: root bus resource [io  0x0000-0x0cf7 window]
[    0.320007] pci_bus 0000:00: root bus resource [io  0x0d00-0xffff window]
[    0.324006] pci_bus 0000:00: root bus resource [mem 0x000a0000-0x000bffff window]
[    0.328006] pci_bus 0000:00: root bus resource [mem 0x40000000-0xfdffffff window]
[    0.332004] pci_bus 0000:00: root bus resource [bus 00-ff]
[    0.341089] pci 0000:00:01.1: legacy IDE quirk: reg 0x10: [io  0x01f0-0x01f7]
[    0.344005] pci 0000:00:01.1: legacy IDE quirk: reg 0x14: [io  0x03f6]
[    0.348005] pci 0000:00:01.1: legacy IDE quirk: reg 0x18: [io  0x0170-0x0177]
[    0.352005] pci 0000:00:01.1: legacy IDE quirk: reg 0x1c: [io  0x0376]
[    0.390167] pci 0000:00:07.0: quirk: [io  0x4000-0x403f] claimed by PIIX4 ACPI
[    0.392042] pci 0000:00:07.0: quirk: [io  0x4100-0x410f] claimed by PIIX4 SMB
[    0.417745] ACPI: PCI Interrupt Link [LNKA] (IRQs 5 9 10 *11)
[    0.420430] ACPI: PCI Interrupt Link [LNKB] (IRQs 5 9 *10 11)
[    0.424216] ACPI: PCI Interrupt Link [LNKC] (IRQs 5 *9 10 11)
[    0.428191] ACPI: PCI Interrupt Link [LNKD] (IRQs 5 9 10 *11)
[    0.432511] SCSI subsystem initialized
[    0.436089] pci 0000:00:02.0: vgaarb: setting as boot VGA device
[    0.440000] pci 0000:00:02.0: vgaarb: VGA device added: decodes=io+mem,owns=io+mem,locks=none
[    0.440009] pci 0000:00:02.0: vgaarb: bridge control possible
[    0.444004] vgaarb: loaded
[    0.448050] ACPI: bus type USB registered
[    0.452032] usbcore: registered new interface driver usbfs
[    0.456014] usbcore: registered new interface driver hub
[    0.458130] usbcore: registered new device driver usb
[    0.460112] EDAC MC: Ver: 3.0.0
[    0.464450] PCI: Using ACPI for IRQ routing
[    0.467246] NetLabel: Initializing
[    0.468006] NetLabel:  domain hash size = 128
[    0.469985] NetLabel:  protocols = UNLABELED CIPSOv4 CALIPSO
[    0.472034] NetLabel:  unlabeled traffic allowed by default
[    0.476167] clocksource: Switched to clocksource kvm-clock
[    0.521017] VFS: Disk quotas dquot_6.6.0
[    0.530508] VFS: Dquot-cache hash table entries: 512 (order 0, 4096 bytes)
[    0.547002] AppArmor: AppArmor Filesystem Enabled
[    0.558109] pnp: PnP ACPI init
[    0.577139] pnp: PnP ACPI: found 3 devices
[    0.606087] cloksourc: acpi_m: mas: 0xffffff max_cycles:0xffffff, max_idle_ns: 208701024 s
[    0.799582] ET: Regisered protcol famiy 2

[    0.908790] TCP established hash table entries: 8192 (order: 4, 5536byes)
[    1.015263] TCP bind hash table entries: 8192 (order: 5, 131072 bytes)
[    1.018089] TCP: Hash tables configured (established 8192 bind 8192)
[    1.020794] UDP hash table entries: 512 (order: 2, 16384 bytes)
[    1.023310] UDP-Lite hash table entries: 512 (order: 2, 16384 bytes)
[    1.026075] NET: Registered protocol family 1
[    1.027991] pci 0000:00:00.0: Limiting direct PCI/PCI transfers
[    1.030560] pci 0000:00:01.0: Activating ISA DMA hang workarounds
[    1.033111] pci 0000:00:02.0: Video device with shadowed ROM at [mem 0x000c0000-0x000dffff]
[    1.036364] Unpacking initramfs...

[    1.477933] Freeing initrd memory: 19688K
[    1.480413] clocksource: tsc: mask: 0xffffffffffffffff max_cycles: 0x39a85c9bff6, max_idle_ns: 881590591483 ns
[    1.485133] platform rtc_cmos: registered platform RTC device (no PNP device found)
[    1.488763] Scanning for low memory corruption every 60 seconds
[    1.493029] Initialise system trusted keyrings
[    1.494843] Key type blacklist registered
[    1.497071] workingset: timestamp_bits=36 max_order=18 bucket_order=0
[    1.501650] zbud: loaded
[    1.504575] squashfs: version 4.0 (2009/01/31) Phillip Lougher
[    1.508493] fuse init (API version 7.26)
[    1.520501] Key type asymmetric registered
[    1.522800] Asymmetric key parser 'x509' registered
[    1.529445] Block layer SCSI generic (bsg) driver version 0.4 loaded (major 246)
[    1.534720] io scheduler noop registered
[    1.557563] io scheduler deadline registered
[    1.565853] io scheduler cfq registered (default)
[    1.575612] ACPI: AC Adapter [AC] (off-line)
[    1.584876] input: Power Button as /devices/LNXSYSTM:00/LNXPWRBN:00/input/input0
[    1.599828] ACPI: Power Button [PWRF]
[    1.605712] input: Sleep Button as /devices/LNXSYSTM:00/LNXSLPBN:00/input/input1
[    1.630244] ACPI: Sleep Button [SLPF]
[    1.640878] ACPI: Battery Slot [BAT0] (battery present)
[    1.648511] Serial: 8250/16550 driver, 32 ports, IRQ sharing enabled
[    1.731554] 00:02: ttyS0 at I/O 0x3f8 (irq = 4, base_baud = 115200) is a 16550A
[    1.760509] Linux agpgart interface v0.103
[    1.768548] loop: module loaded
[    1.775249] scsi host0: ata_piix
[    1.777981] scsi host1: ata_piix
[    1.779232] ata1: PATA max UDMA/33 cmd 0x1f0 ctl 0x3f6 bmdma 0xd000 irq 14
[    1.781596] ata2: PATA max UDMA/33 cmd 0x170 ctl 0x376 bmdma 0xd008 irq 15
[    1.784381] libphy: Fixed MDIO Bus: probed
[    1.786171] tun: Universal TUN/TAP device driver, 1.6
[    1.790668] PPP generic driver version 2.4.2
[    1.793160] ehci_hcd: USB 2.0 'Enhanced' Host Controller (EHCI) Driver
[    1.795514] ehci-pci: EHCI PCI platform driver
[    1.797087] ehci-platform: EHCI generic platform driver
[    1.798820] ohci_hcd: USB 1.1 'Open' Host Controller (OHCI) Driver
[    1.801038] ohci-pci: OHCI PCI platform driver
[    1.802522] ohci-platform: OHCI generic platform driver
[    1.805017] uhci_hcd: USB Universal Host Controller Interface driver
[    1.808319] i8042: PNP: PS/2 Controller [PNP0303:PS2K,PNP0f03:PS2M] at 0x60,0x64 irq 1,12
[    1.827230] serio: i8042 KBD port at 0x60,0x64 irq 1
[    1.829207] serio: i8042 AUX port at 0x60,0x64 irq 12
[    1.831375] mousedev: PS/2 mouse device common for all mice
[    1.833905] rtc_cmos rtc_cmos: rtc core: registered rtc_cmos as rtc0
[    1.836454] rtc_cmos rtc_cmos: alarms up to one day, 114 bytes nvram
[    1.839602] i2c /dev entries driver
[    1.842017] input: AT Translated Set 2 keyboard as /devices/platform/i8042/serio0/input/input2
[    1.844373] device-mapper: uevent: version 1.0.3
[    1.847552] device-mapper: ioctl: 4.37.0-ioctl (2017-09-20) initialised: dm-devel@redhat.com
[    1.850819] ledtrig-cpu: registered to indicate activity on CPUs
[    1.854287] NET: Registered protocol family 10
[    1.862305] Segment Routing with IPv6
[    1.863998] NET: Registered protocol family 17
[    1.866002] Key type dns_resolver registered
[    1.867989] RAS: Correctable Errors collector initialized.
[    1.870597] sched_clock: Marking stable (1870560462, 0)->(6917330493, -5046770031)
[    1.880628] registered taskstats version 1
[    1.882146] Loading compiled-in X.509 certificates
[    1.887308] Loaded X.509 cert 'Build time autogenerated kernel key: e343dd3e31c9820cf0adf0156bc2eecdcfc394af'
[    1.895046] zswap: loaded using pool lzo/zbud
[    1.903836] Key type big_key registered
[    1.906224] Key type trusted registered
[    1.913031] Key type encrypted registered
[    1.914628] AppArmor: AppArmor sha1 policy hashing enabled
[    1.916577] ima: No TPM chip found, activating TPM-bypass! (rc=-19)
[    1.918687] ima: Allocated hash algorithm: sha1
[    1.923289] evm: HMAC attrs: 0x1
[    1.925933]   Magic number: 15:52:811
[    1.927648] rtc_cmos rtc_cmos: setting system clock to 2019-08-30 00:50:45 UTC (1567126245)
[    1.931460] BIOS EDD facility v0.16 2004-Jun-25, 0 devices found
[    1.934015] EDD information not available.
[    1.952591] Freeing unused kernel image memory: 2424K
[    1.964490] Write protecting the kernel read-only data: 20480k
[    1.970045] Freeing unused kernel image memory: 2008K
[    1.973860] Freeing unused kernel image memory: 1864K
[    1.983434] x86/mm: Checked W+X mappings: passed, no W+X pages found.
[    1.985874] x86/mm: Checking user space page tables
[    1.997877] x86/mm: Checked W+X mappings: passed, no W+X pages found.
Loading, please wait...
starting version 237
[    2.115408] e1000: Intel(R) PRO/1000 Network Driver - version 7.3.21-k8-NAPI
[    2.118747] e1000: Copyright (c) 1999-2006 Intel Corporation.
[    2.146834] Fusion MPT base driver 3.04.20
[    2.149092] Copyright (c) 1999-2008 LSI Corporation
[    2.161556] Fusion MPT SPI Host driver 3.04.20
[    2.178677] AVX2 version of gcm_enc/dec engaged.
[    2.180990] AES CTR mode by8 optimization enabled
[    2.187915] vboxvideo: loading out-of-tree module taints kernel.
[    2.204390] vboxvideo: module verification failed: signature and/or required key missing - tainting kernel
[    2.370022] input: ImExPS/2 Generic Explorer Mouse as /devices/platform/i8042/serio1/input/input4
[    2.681925] e1000 0000:00:03.0 eth0: (PCI:33MHz:32-bit) 02:cc:50:df:d9:b9
[    2.720076] e1000 0000:00:03.0 eth0: Intel(R) PRO/1000 Network Connection
[    2.747150] mptbase: ioc0: Initiating bringup
[    2.856499] ioc0: LSI53C1030 A0: Capabilities={Initiator}
[    3.107824] scsi host2: ioc0: LSI53C1030 A0, FwRev=00000000h, Ports=1, MaxQ=256, IRQ=20
[    3.337283] scsi 2:0:0:0: Direct-Access     VBOX     HARDDISK         1.0  PQ: 0 ANSI: 5
[    3.373116] [drm] VRAM 01000000
[    3.395942] [TTM] Zone  kernel: Available graphics memory: 504464 kiB
[    3.412965] [TTM] Initializing pool allocator
[    3.433560] [TTM] Initializing DMA pool allocator
[    3.440596] fbcon: vboxdrmfb (fb0) is primary device
[    3.442694] Console: switching to colour frame buffer device 100x37
[    3.480818] vboxvideo 0000:00:02.0: fb0: vboxdrmfb frame buffer device
[    3.504116] scsi target2:0:0: Beginning Domain Validation
[    3.524450] scsi target2:0:0: Domain Validation skipping write tests
[    3.526644] scsi target2:0:0: Ending Domain Validation
[    3.528339] scsi target2:0:0: asynchronous
[    3.530531] scsi 2:0:1:0: Direct-Access     VBOX     HARDDISK         1.0  PQ: 0 ANSI: 5
[    3.554548] [drm] Initialized vboxvideo 1.0.0 20130823 for 0000:00:02.0 on minor 0
[    3.596600] scsi target2:0:1: Beginning Domain Validation
[    3.613003] random: fast init done
[    3.617732] scsi target2:0:1: Domain Validation skipping write tests
[    3.619557] scsi target2:0:1: Ending Domain Validation
[    3.621303] scsi target2:0:1: asynchronous
[    3.629016] random: systemd-udevd: uninitialized urandom read (16 bytes read)
[    3.632210] random: systemd-udevd: uninitialized urandom read (16 bytes read)
[    3.635317] random: systemd-udevd: uninitialized urandom read (16 bytes read)
[    3.638729] sd 2:0:0:0: Attached scsi generic sg0 type 0
[    3.641508] sd 2:0:1:0: Attached scsi generic sg1 type 0
[    3.645685] sd 2:0:1:0: [sdb] 20480 512-byte logical blocks: (10.5 MB/10.0 MiB)
[    3.649293] sd 2:0:1:0: [sdb] Write Protect is off
[    3.651804] sd 2:0:1:0: [sdb] Incomplete mode parameter data
[    3.654679] sd 2:0:1:0: [sdb] Assuming drive cache: write through
[    3.659351] sd 2:0:0:0: [sda] 20971520 512-byte logical blocks: (10.7 GB/10.0 GiB)
[    3.660976] sd 2:0:1:0: [sdb] Attached SCSI disk
[    3.668050] sd 2:0:0:0: [sda] Write Protect is off
[    3.670166] sd 2:0:0:0: [sda] Incomplete mode parameter data
[    3.672048] sd 2:0:0:0: [sda] Assuming drive cache: write through
[    3.688582]  sda: sda1
[    3.693638] sd 2:0:0:0: [sda] Attached SCSI disk
[    4.110246] e1000 0000:00:08.0 eth1: (PCI:33MHz:32-bit) 08:00:27:36:55:11
[    4.664372] e1000 0000:00:08.0 eth1: Intel(R) PRO/1000 Network Connection
[    4.694554] e1000 0000:00:03.0 enp0s3: renamed from eth0
[    4.723693] e1000 0000:00:08.0 enp0s8: renamed from eth1
Begin: Loading essential drivers ... [    4.972789] raid6: sse2x1   gen()  9075 MB/s
[    5.032327] raid6: sse2x1   xor()  6056 MB/s
[    5.102163] raid6: sse2x2   gen() 10143 MB/s
[    5.156091] raid6: sse2x2   xor()  2657 MB/s
[    5.204223] raid6: sse2x4   gen()  6651 MB/s
[    5.272098] raid6: sse2x4   xor()  7394 MB/s
[    5.332190] raid6: avx2x1   gen() 17804 MB/s
[    5.401107] raid6: avx2x1   xor() 11967 MB/s
[    5.460647] raid6: avx2x2   gen() 19779 MB/s
[    5.523011] raid6: avx2x2   xor() 13167 MB/s
[    5.586416] raid6: avx2x4   gen() 23783 MB/s
[    5.644241] raid6: avx2x4   xor() 14419 MB/s
[    5.672913] raid6: using algorithm avx2x4 gen() 23783 MB/s
[    5.683490] raid6: .... xor() 14419 MB/s, rmw enabled
[    5.699325] raid6: using avx2x2 recovery algorithm
[    5.716479] xor: automatically using best checksumming function   avx       
[    5.743054] async_tx: api initialized (async)
done.
Begin: Running /scripts/init-premount ... done.
Begin: Mounting root file system ... Begin: Running /scripts/local-top ... done.
Begin: Running /scripts/local-premount ... [    5.808105] Btrfs loaded, crc32c=crc32c-intel
Scanning for Btrfs filesystems
done.
Warning: fsck not present, so skipping root file system
[    5.879980] EXT4-fs (sda1): mounted filesystem with ordered data mode. Opts: (null)
done.
Begin: Running /scripts/local-bottom ... done.
Begin: Running /scripts/init-bottom ... done.
[    6.226811] ip_tables: (C) 2000-2006 Netfilter Core Team
[    6.253950] systemd[1]: systemd 237 running in system mode. (+PAM +AUDIT +SELINUX +IMA +APPARMOR +SMACK +SYSVINIT +UTMP +LIBCRYPTSETUP +GCRYPT +GNUTLS +ACL +XZ +LZ4 +SECCOMP +BLKID +ELFUTILS +KMOD -IDN2 +IDN -PCRE2 default-hierarchy=hybrid)
[    6.270504] systemd[1]: Detected virtualization oracle.
[    6.274834] systemd[1]: Detected architecture x86-64.

Welcome to [1mUbuntu 18.04.3 LTS[0m!

[    6.307413] systemd[1]: Set hostname to <ubuntu-bionic>.
[    6.877226] systemd[1]: Set up automount Arbitrary Executable File Formats File System Automount Point.
[[0;32m  OK  [0m] Set up automount Arbitrary Executabâ€¦rmats File System Automount Point.
[    6.955794] systemd[1]: Created slice User and Session Slice.
[[0;32m  OK  [0m] Created slice User and Session Slice.
[    6.966879] systemd[1]: Reached target User and Group Name Lookups.
[[0;32m  OK  [0m] Reached target User and Group Name Lookups.
[    6.974506] systemd[1]: Reached target System Time Synchronized.
[[0;32m  OK  [0m] Reached target System Time Synchronized.
[    7.008440] systemd[1]: Created slice System Slice.
[[0;32m  OK  [0m] Created slice System Slice.
[    7.057465] systemd[1]: Listening on Journal Socket.
[[0;32m  OK  [0m] Listening on Journal Socket.
         Starting Create list of required stâ€¦ce nodes for the current kernel...
[[0;32m  OK  [0m] Listening on udev Control Socket.
         Starting Uncomplicated firewall...
         Starting Remount Root and Kernel File Systems...
         Starting Set the console keyboard layout...
[[0;32m  OK  [0m] Listening on Journal Socket (/dev/log).[    7.178116] EXT4-fs (sda1): re-mounted. Opts: (null)

         Mounting Huge Pages File System...
[[0;32m  OK  [0m] Listening on udev Kernel Socket.
         Starting Load Kernel Modules...
         Starting udev Coldplug all Devices...
         Mounting POSIX Message Queue File System...
[[0;32m  OK  [0m] Listening on Device-mapper event daemon FIFOs.
[[0;32m  OK  [0m] Reached target Slices.
[[0;32m  OK  [0m] Listening on Journal Audit Socket.
         Mounting Kernel Debug File System...
[[0;32m  OK  [0m] Reached target Swap.
[    7.811459] Loading iSCSI transport class v2.0-870.
[[0;32m  OK  [0m] Listening on Syslog Socket.
         Startin[    7.860658] iscsi: registered transport (tcp)
g Journal Service...
[[0;32m  OK  [0m] Started Forward Password Requests to Wall Directory Watch.
[[0;32m  OK  [0m] Listening on /dev/initctl Compatibility Named Pipe.
[[0;32m  OK  [0m] Created slice system-postgresql.slice.
[[0;32m  OK  [0m] Listening on Network Service Netlink Socket.
[[0;32m  OK  [0m] Listening on LVM2 metadata daemon socket.
         Starting Monitoring of LVM2 mirrorsâ€¦ng dmeventd or progress polling...
[[0;32m  OK  [0m] Created slice system-serial\x2dgetty.slice.
[[0;32m  OK  [0m] Listening on LVM2 poll daemon socket.
[[0;32m  OK  [0m] Started Journal Service.
[[0;32m  OK  [0m] Started Create list of required staâ€¦vice nodes for the current kernel.
[[0;32m  OK  [0m] Started Uncomplicated firewall.
[[0;32m  OK  [0m] Started Remount Root and Kernel File Systems.
[[0;32m  OK  [0m] Mounted Huge Pages File System.
[[0;32m  OK  [0m] Mounted POSIX Message Queue File System.
[[0;32m  OK  [0m] Mounted Kernel Debug File System.
[[0;32m  OK  [0m] Started LVM2 metadata daemon.
         Starting Load/Save Random Seed...
         Starting Create Static Device Nodes in /dev...
         Starting Flush Journal to Persistent Storage...
[[0;32m  OK  [0m] Started Load/Save Random Seed.
[[0;32m  OK  [0m] Started udev Coldplug all Devices.
[[0;32m  OK  [0m] Started Create Static Device Nodes in /dev.
         Starting udev Kernel Device Manager...
[    8.082435] systemd-journald[424]: Received request to flush runtime journal from PID 1
[    8.093595] iscsi: registered transport (iser)
[[0;32m  OK  [0m] Started Load Kernel Modules.
[[0;32m  OK  [0m] Started Monitoring of LVM2 mirrors,â€¦sing dmeventd or progress polling.
         Mounting Kernel Configuration File System...
         Mounting FUSE Control File System...
         Starting Apply Kernel Variables...
[[0;32m  OK  [0m] Mounted Kernel Configuration File System.
[[0;32m  OK  [0m] Mounted FUSE Control File System.
[[0;32m  OK  [0m] Started udev Kernel Device Manager.
[[0;32m  OK  [0m] Started Apply Kernel Variables.
[[0;32m  OK  [0m] Started Flush Journal to Persistent Storage.
[[0;32m  OK  [0m] Found device /dev/ttyS0.
[[0;32m  OK  [0m] Listening on Load/Save RF Kill Switch Status /dev/rfkill Watch.
[[0;32m  OK  [0m] Started Set the console keyboard layout.
[[0;32m  OK  [0m] Reached target Local File Systems (Pre).
[[0;32m  OK  [0m] Reached target Local File Systems.
         Starting ebtables ruleset management...
         Starting Create Volatile Files and Directories...
         Starting AppArmor initialization...
         Starting Tell Plymouth To Write Out Runtime Data...
         Starting Set console font and keymap...
[[0;32m  OK  [0m] Started Dispatch Password Requests to Console Directory Watch.
[[0;32m  OK  [0m] Reached target Local Encrypted Volumes.
[[0;32m  OK  [0m] Started Create Volatile Files and Directories.
[[0;32m  OK  [0m] Started Tell Plymouth To Write Out Runtime Data.
[[0;32m  OK  [0m] Started Set console font and keymap.
         Starting Update UTMP about System Boot/Shutdown...
[[0;32m  OK  [0m] Started Update UTMP about System Boot/Shutdown.
[[0;32m  OK  [0m] Started ebtables ruleset management.
[[0;32m  OK  [0m] Started AppArmor initialization.
         Starting Initial cloud-init job (pre-networking)...
[   11.975345] cloud-init[674]: Cloud-init v. 19.1-1-gbaa47854-0ubuntu1~18.04.1 running 'init-local' at Fri, 30 Aug 2019 00:50:55 +0000. Up 11.68 seconds.
[[0;32m  OK  [0m] Started Initial cloud-init job (pre-networking).
[[0;32m  OK  [0m] Reached target Network (Pre).
         Starting Network Service...
[[0;32m  OK  [0m] Started Network Service.
         Starting Wait for Network to be Configured...
         Starting Network Name Resolution...
[[0;32m  OK  [0m] Started Network Name Resolution.
[[0;32m  OK  [0m] Reached target Network.
[[0;32m  OK  [0m] Reached target Host and Network Name Lookups.
[[0;32m  OK  [0m] Started Wait for Network to be Configured.
         Starting Initial cloud-init job (metadata service crawler)...
[   14.312974] cloud-init[776]: Cloud-init v. 19.1-1-gbaa47854-0ubuntu1~18.04.1 running 'init' at Fri, 30 Aug 2019 00:50:57 +0000. Up 14.12 seconds.
[   14.318703] cloud-init[776]: ci-info: ++++++++++++++++++++++++++++++++++++++Net device info+++++++++++++++++++++++++++++++++++++++
[   14.325562] cloud-init[776]: ci-info: +--------+------+-----------------------------+---------------+--------+-------------------+
[   14.329550] cloud-init[776]: ci-info: | Device |  Up  |           Address           |      Mask     | Scope  |     Hw-Address    |
[   14.356408] cloud-init[776]: ci-info: +--------+------+-----------------------------+---------------+--------+-------------------+
[   14.367542] cloud-init[776]: ci-info: | enp0s3 | True |          10.0.2.15          | 255.255.255.0 | global | 02:cc:50:df:d9:b9 |
[   14.388786] cloud-init[776]: ci-info: | enp0s3 | True |  fe80::cc:50ff:fedf:d9b9/64 |       .       |  link  | 02:cc:50:df:d9:b9 |
[   14.397128] cloud-init[776]: ci-info: | enp0s8 | True |        192.168.33.10        | 255.255.255.0 | global | 08:00:27:36:55:11 |
[   14.409788] cloud-init[776]: ci-info: | enp0s8 | True | fe80::a00:27ff:fe36:5511/64 |       .       |  link  | 08:00:27:36:55:11 |
[   14.421898] cloud-init[776]: ci-info: |   lo   | True |          127.0.0.1          |   255.0.0.0   |  host  |         .         |
[   14.428542] cloud-init[776]: ci-info: |   lo   | True |           ::1/128           |       .       |  host  |         .         |
[   14.439551] cloud-init[776]: ci-info: +--------+------+-----------------------------+---------------+--------+-------------------+
[   14.448788] cloud-init[776]: ci-info: +++++++++++++++++++++++++++++Route IPv4 info+++++++++++++++++++++++++++++
[   14.453858] cloud-init[776]: ci-info: +-------+--------------+----------+-----------------+-----------+-------+
[   14.468623] cloud-init[776]: ci-info: | Route | Destination  | Gateway  |     Genmask     | Interface | Flags |
[   14.479516] cloud-init[776]: ci-info: +-------+--------------+----------+-----------------+-----------+-------+
[   14.483865] cloud-init[776]: ci-info: |   0   |   0.0.0.0    | 10.0.2.2 |     0.0.0.0     |   enp0s3  |   UG  |
[   14.491657] cloud-init[776]: ci-info: |   1   |   10.0.2.0   | 0.0.0.0  |  255.255.255.0  |   enp0s3  |   U   |
[   14.496855] cloud-init[776]: ci-info: |   2   |   10.0.2.2   | 0.0.0.0  | 255.255.255.255 |   enp0s3  |   UH  |
[   14.507373] cloud-init[776]: ci-info: |   3   | 192.168.33.0 | 0.0.0.0  |  255.255.255.0  |   enp0s8  |   U   |
[   14.519793] cloud-init[776]: ci-info: +-------+--------------+----------+-----------------+-----------+-------+
[   14.529677] cloud-init[776]: ci-info: +++++++++++++++++++Route IPv6 info+++++++++++++++++++
[   14.552707] cloud-init[776]: ci-info: +-------+-------------+---------+-----------+-------+
[   14.566276] cloud-init[776]: ci-info: | Route | Destination | Gateway | Interface | Flags |
[   14.577584] cloud-init[776]: ci-info: +-------+-------------+---------+-----------+-------+
[   14.593555] cloud-init[776]: ci-info: |   1   |  fe80::/64  |    ::   |   enp0s8  |   U   |
[   14.610450] cloud-init[776]: ci-info: |   2   |  fe80::/64  |    ::   |   enp0s3  |   U   |
[   14.624036] cloud-init[776]: ci-info: |   4   |    local    |    ::   |   enp0s3  |   U   |
[   14.633458] cloud-init[776]: ci-info: |   5   |    local    |    ::   |   enp0s8  |   U   |
[   14.637597] cloud-init[776]: ci-info: |   6   |   ff00::/8  |    ::   |   enp0s8  |   U   |
[   14.641864] cloud-init[776]: ci-info: |   7   |   ff00::/8  |    ::   |   enp0s3  |   U   |
[   14.646624] cloud-init[776]: ci-info: +-------+-------------+---------+-----------+-------+
[[0;32m  OK  [0m] Started Initial cloud-init job (metadata service crawler).
[[0;32m  OK  [0m] Reached target Cloud-config availability.
[[0;32m  OK  [0m] Reached target System Initialization.
[[0;32m  OK  [0m] Listening on ACPID Listen Socket.
[[0;32m  OK  [0m] Started Discard unused blocks once a week.
         Starting Socket activation for snappy daemon.
[[0;32m  OK  [0m] Started ACPI Events Check.
[[0;32m  OK  [0m] Started Daily Cleanup of Temporary Directories.
         Starting LXD - unix socket.
[[0;32m  OK  [0m] Listening on UUID daemon activation socket.
[[0;32m  OK  [0m] Started Daily apt download activities.
[[0;32m  OK  [0m] Started Daily apt upgrade and clean activities.
[[0;32m  OK  [0m] Listening on Open-iSCSI iscsid Socket.
[[0;32m  OK  [0m] Started Message of the Day.
[[0;32m  OK  [0m] Reached target Timers.
[[0;32m  OK  [0m] Reached target Paths.
[[0;32m  OK  [0m] Listening on D-Bus System Message Bus Socket.
[[0;32m  OK  [0m] Reached target Network is Online.
[[0;32m  OK  [0m] Reached target Remote File Systems (Pre).
[[0;32m  OK  [0m] Reached target Remote File Systems.
         Starting Availability of block devices...
[[0;32m  OK  [0m] Listening on Socket activation for snappy daemon.
[[0;32m  OK  [0m] Listening on LXD - unix socket.
[[0;32m  OK  [0m] Started Availability of block devices.
[[0;32m  OK  [0m] Reached target Sockets.
[[0;32m  OK  [0m] Reached target Basic System.
         Starting Resets System Activity Data Collector...
[[0;32m  OK  [0m] Started Regular background program processing daemon.
         Starting PostgreSQL Cluster 10-main...
         Starting LSB: automatic crash report generation...
         Starting LXD - container startup/shutdown...
         Starting Permit User Sessions...
[[0;32m  OK  [0m] Started FUSE filesystem for LXC.
         Starting Login Service...
         Starting Accounts Service...
         Starting OpenBSD Secure Shell server...
[[0;32m  OK  [0m] Started D-Bus System Message Bus.
[[0;32m  OK  [0m] Started Login Service.
[[0;32m  OK  [0m] Started Unattended Upgrades Shutdown.
         Starting System Logging Service...
         Starting LSB: Record successful boot for GRUB...
[[0;32m  OK  [0m] Started Deferred execution scheduler.
[[0;32m  OK  [0m] Started irqbalance daemon.
         Starting vboxadd.service...
         Starting Dispatcher daemon for systemd-networkd...
         Starting Snappy daemon...
[[0;32m  OK  [0m] Started System Logging Service.
[[0;32m  OK  [0m] Started Resets System Activity Data Collector.
[[0;32m  OK  [0m] Started LXD - container startup/shutdown.
[[0;32m  OK  [0m] Started Permit User Sessions.
         Starting Authorization Manager...
         Starting Terminate Plymouth Boot Screen...
         Starting Hold until boot process finishes up...
[[0;32m  OK  [0m] Started Hold until boot process finishes up.
[[0;32m  OK  [0m] Started OpenBSD Secure Shell server.
[[0;32m  OK  [0m] Started Terminate Plymouth Boot Screen.
         Starting Set console scheme...
[[0;32m  OK  [0m] Started Serial Getty on ttyS0.
[[0;32m  OK  [0m] Started Set console scheme.
[[0;32m  OK  [0m] Created slice system-getty.slice.
[[0;32m  OK  [0m] Started Getty on tty1.
[[0;32m  OK  [0m] Reached target Login Prompts.
[[0;32m  OK  [0m] Started Authorization Manager.
[[0;32m  OK  [0m] Started Accounts Service.
[[0;32m  OK  [0m] Started LSB: automatic crash report generation.
[[0;32m  OK  [0m] Started LSB: Record successful boot for GRUB.
[[0;32m  OK  [0m] Started Dispatcher daemon for systemd-networkd.
[[0;32m  OK  [0m] Started Snappy daemon.
         Starting Wait until snapd is fully seeded...
[[0;32m  OK  [0m] Started Wait until snapd is fully seeded.
         Starting Apply the settings specified in cloud-config...
[[0;32m  OK  [0m] Started vboxadd.service.
         Starting vboxadd-service.service...
[[0;32m  OK  [0m] Started vboxadd-service.service.
[   18.249048] cloud-init[1252]: Cloud-init v. 19.1-1-gbaa47854-0ubuntu1~18.04.1 running 'modules:config' at Fri, 30 Aug 2019 00:51:01 +0000. Up 18.02 seconds.
[[0;32m  OK  [0m] Started Apply the settings specified in cloud-config.
[[0;32m  OK  [0m] Started PostgreSQL Cluster 10-main.
         Starting PostgreSQL RDBMS...
[[0;32m  OK  [0m] Started PostgreSQL RDBMS.
[[0;32m  OK  [0m] Reached target Multi-User System.
[[0;32m  OK  [0m] Reached target Graphical Interface.
         Starting Update UTMP about System Runlevel Changes...
         Starting Execute cloud user/final scripts...
[[0;32m  OK  [0m] Started Update UTMP about System Runlevel Changes.
[   20.169986] cloud-init[1343]: Cloud-init v. 19.1-1-gbaa47854-0ubuntu1~18.04.1 running 'modules:final' at Fri, 30 Aug 2019 00:51:03 +0000. Up 20.02 seconds.
[   20.175190] cloud-init[1343]: Cloud-init v. 19.1-1-gbaa47854-0ubuntu1~18.04.1 finished at Fri, 30 Aug 2019 00:51:03 +0000. Datasource DataSourceNoCloud [seed=/dev/sdb][dsmode=net].  Up 20.16 seconds
[[0;32m  OK  [0m] Started Execute cloud user/final scripts.
[[0;32m  OK  [0m] Reached target Cloud-init target.

Ubuntu 18.04.3 LTS ubuntu-bionic ttyS0

ubuntu-bionic login: 